// Jest Snapshot v1, https://goo.gl/fbAQLP

exports[`Badge renders correctly 1`] = `
<Text
  accessible={true}
  allowFontScaling={true}
  ellipsizeMode="tail"
  style={
    Object {
      "backgroundColor": "rgba(231, 199, 108, .7)",
      "bottom": 0,
      "color": "#FFFFFF",
      "fontFamily": "Apertura-Medium",
      "fontSize": 11,
      "padding": 7,
      "position": "absolute",
      "right": 0,
      "zIndex": 0,
    }
  }
>
  Badge Text
</Text>
`;
