// Jest Snapshot v1, https://goo.gl/fbAQLP

exports[`Countdown renders correctly 1`] = `
<View
  style={
    Object {
      "alignItems": "center",
      "flex": 1,
      "flexDirection": "row",
      "justifyContent": "center",
    }
  }
>
  <View
    style={
      Object {
        "alignItems": "center",
        "flexDirection": "row",
        "justifyContent": "space-around",
        "width": "95%",
      }
    }
  >
    <View
      style={
        Object {
          "flex": 1,
        }
      }
    >
      <View
        style={
          Array [
            Object {
              "alignItems": "center",
              "flexDirection": "row",
              "justifyContent": "center",
            },
            undefined,
          ]
        }
      >
        <Text
          style={
            Array [
              Object {
                "color": "rgb(0, 0, 0)",
                "fontFamily": "Exo2-SemiBold",
                "fontStyle": "normal",
                "fontWeight": "bold",
                "letterSpacing": 0,
                "textAlign": "center",
              },
              Object {
                "fontSize": 20,
              },
              Object {
                "width": 14,
              },
            ]
          }
        >
          0
        </Text>
        <Text
          style={
            Array [
              Object {
                "color": "rgb(0, 0, 0)",
                "fontFamily": "Exo2-SemiBold",
                "fontStyle": "normal",
                "fontWeight": "bold",
                "letterSpacing": 0,
                "textAlign": "center",
              },
              Object {
                "fontSize": 20,
              },
              Object {
                "width": 14,
              },
            ]
          }
        >
          0
        </Text>
      </View>
      <Text
        style={
          Array [
            Object {
              "color": "rgb(153,153,153)",
              "fontFamily": "Exo2-Light",
              "fontStyle": "normal",
              "fontWeight": "500",
              "letterSpacing": 0,
              "textAlign": "center",
            },
            Object {
              "fontSize": 10,
            },
          ]
        }
      >
        Days
      </Text>
    </View>
    <View
      style={
        Object {
          "flex": 1,
        }
      }
    >
      <View
        style={
          Array [
            Object {
              "alignItems": "center",
              "flexDirection": "row",
              "justifyContent": "center",
            },
            undefined,
          ]
        }
      >
        <Text
          style={
            Array [
              Object {
                "color": "rgb(0, 0, 0)",
                "fontFamily": "Exo2-SemiBold",
                "fontStyle": "normal",
                "fontWeight": "bold",
                "letterSpacing": 0,
                "textAlign": "center",
              },
              Object {
                "fontSize": 20,
              },
              Object {
                "width": 14,
              },
            ]
          }
        >
          0
        </Text>
        <Text
          style={
            Array [
              Object {
                "color": "rgb(0, 0, 0)",
                "fontFamily": "Exo2-SemiBold",
                "fontStyle": "normal",
                "fontWeight": "bold",
                "letterSpacing": 0,
                "textAlign": "center",
              },
              Object {
                "fontSize": 20,
              },
              Object {
                "width": 14,
              },
            ]
          }
        >
          0
        </Text>
      </View>
      <Text
        style={
          Array [
            Object {
              "color": "rgb(153,153,153)",
              "fontFamily": "Exo2-Light",
              "fontStyle": "normal",
              "fontWeight": "500",
              "letterSpacing": 0,
              "textAlign": "center",
            },
            Object {
              "fontSize": 10,
            },
          ]
        }
      >
        h
      </Text>
    </View>
    <View
      style={
        Object {
          "flex": 1,
        }
      }
    >
      <View
        style={
          Array [
            Object {
              "alignItems": "center",
              "flexDirection": "row",
              "justifyContent": "center",
            },
            undefined,
          ]
        }
      >
        <Text
          style={
            Array [
              Object {
                "color": "rgb(0, 0, 0)",
                "fontFamily": "Exo2-SemiBold",
                "fontStyle": "normal",
                "fontWeight": "bold",
                "letterSpacing": 0,
                "textAlign": "center",
              },
              Object {
                "fontSize": 20,
              },
              Object {
                "width": 14,
              },
            ]
          }
        >
          0
        </Text>
        <Text
          style={
            Array [
              Object {
                "color": "rgb(0, 0, 0)",
                "fontFamily": "Exo2-SemiBold",
                "fontStyle": "normal",
                "fontWeight": "bold",
                "letterSpacing": 0,
                "textAlign": "center",
              },
              Object {
                "fontSize": 20,
              },
              Object {
                "width": 14,
              },
            ]
          }
        >
          0
        </Text>
      </View>
      <Text
        style={
          Array [
            Object {
              "color": "rgb(153,153,153)",
              "fontFamily": "Exo2-Light",
              "fontStyle": "normal",
              "fontWeight": "500",
              "letterSpacing": 0,
              "textAlign": "center",
            },
            Object {
              "fontSize": 10,
            },
          ]
        }
      >
        min
      </Text>
    </View>
    <View
      style={
        Object {
          "flex": 1,
        }
      }
    >
      <View
        style={
          Array [
            Object {
              "alignItems": "center",
              "flexDirection": "row",
              "justifyContent": "center",
            },
            undefined,
          ]
        }
      >
        <Text
          style={
            Array [
              Object {
                "color": "rgb(0, 0, 0)",
                "fontFamily": "Exo2-SemiBold",
                "fontStyle": "normal",
                "fontWeight": "bold",
                "letterSpacing": 0,
                "textAlign": "center",
              },
              Object {
                "fontSize": 20,
              },
              Object {
                "width": 14,
              },
            ]
          }
        >
          0
        </Text>
        <Text
          style={
            Array [
              Object {
                "color": "rgb(0, 0, 0)",
                "fontFamily": "Exo2-SemiBold",
                "fontStyle": "normal",
                "fontWeight": "bold",
                "letterSpacing": 0,
                "textAlign": "center",
              },
              Object {
                "fontSize": 20,
              },
              Object {
                "width": 14,
              },
            ]
          }
        >
          0
        </Text>
      </View>
      <Text
        style={
          Array [
            Object {
              "color": "rgb(153,153,153)",
              "fontFamily": "Exo2-Light",
              "fontStyle": "normal",
              "fontWeight": "500",
              "letterSpacing": 0,
              "textAlign": "center",
            },
            Object {
              "fontSize": 10,
            },
          ]
        }
      >
        s
      </Text>
    </View>
  </View>
</View>
`;
