// Jest Snapshot v1, https://goo.gl/fbAQLP

exports[`Header renders correctly 1`] = `
<View
  style={
    Object {
      "alignItems": "center",
      "backgroundColor": "rgb(16, 17, 22)",
      "flexDirection": "row",
      "height": 44,
      "justifyContent": "flex-end",
      "width": "100%",
    }
  }
>
  <View
    accessible={true}
    isTVSelectable={true}
    onResponderGrant={[Function]}
    onResponderMove={[Function]}
    onResponderRelease={[Function]}
    onResponderTerminate={[Function]}
    onResponderTerminationRequest={[Function]}
    onStartShouldSetResponder={[Function]}
    style={
      Array [
        Object {
          "backgroundColor": "transparent",
        },
        Object {
          "alignItems": "center",
          "justifyContent": "center",
          "marginHorizontal": 5,
        },
      ]
    }
  >
    <Image
      source={
        Object {
          "uri": "RN_Video_Detail_Video_Close_Btn",
        }
      }
      style={
        Object {
          "height": 32,
          "width": 32,
        }
      }
    />
  </View>
</View>
`;
